[2026-07-18 20:54:29] 🚀 BingX AI Trading System started
[2026-07-18 20:54:29] 📊 開始管理現有持倉
[2026-07-18 20:54:29] ❌ 主循環錯誤：'NoneType' object has no attribute 'encode'
[2026-07-18 20:55:29] 📊 開始管理現有持倉
[2026-07-18 20:55:29] ❌ 主循環錯誤：'NoneType' object has no attribute 'encode'
[2026-07-18 20:56:29] 📊 開始管理現有持倉
[2026-07-18 20:56:29] ❌ 主循環錯誤：'NoneType' object has no attribute 'encode'
[2026-07-18 20:56:48] 🚀 BingX AI Trading System started
[2026-07-18 20:56:48] 📊 開始管理現有持倉
[2026-07-18 20:56:48] ❌ 主循環錯誤：'NoneType' object has no attribute 'encode'
[2026-07-18 20:57:48] 📊 開始管理現有持倉
[2026-07-18 20:57:48] ❌ 主循環錯誤：'NoneType' object has no attribute 'encode'
[2026-07-18 20:58:48] 📊 開始管理現有持倉
[2026-07-18 20:58:48] ❌ 主循環錯誤：'NoneType' object has no attribute 'encode'
[2026-07-18 20:59:16] 🚀 BingX AI Trading System started
[2026-07-18 20:59:16] 📊 開始管理現有持倉
[2026-07-18 20:59:16] ❌ 主循環錯誤：'NoneType' object has no attribute 'encode'
[2026-07-18 21:00:16] 📊 開始管理現有持倉
[2026-07-18 21:00:16] ❌ 主循環錯誤：'NoneType' object has no attribute 'encode'
[2026-07-18 21:01:16] 📊 開始管理現有持倉
[2026-07-18 21:01:16] ❌ 主循環錯誤：'NoneType' object has no attribute 'encode'
[2026-07-18 21:02:16] 📊 開始管理現有持倉
[2026-07-18 21:02:16] ❌ 主循環錯誤：'NoneType' object has no attribute 'encode'
[2026-07-18 21:03:16] 📊 開始管理現有持倉
[2026-07-18 21:03:16] ❌ 主循環錯誤：'NoneType' object has no attribute 'encode'
[2026-07-18 21:04:16] 📊 開始管理現有持倉
[2026-07-18 21:04:16] ❌ 主循環錯誤：'NoneType' object has no attribute 'encode'
[2026-07-18 21:05:16] 📊 開始管理現有持倉
[2026-07-18 21:05:16] ❌ 主循環錯誤：'NoneType' object has no attribute 'encode'
[2026-07-18 21:06:17] 📊 開始管理現有持倉
[2026-07-18 21:06:17] ❌ 主循環錯誤：'NoneType' object has no attribute 'encode'
[2026-07-18 21:10:57] 🚀 BingX AI Trading System started
[2026-07-18 21:10:57] 📊 開始管理現有持倉
[2026-07-18 21:10:58] 🔍 開始掃描新訊號
[2026-07-18 21:10:58] 🌎 Regime=RANGE LONG>=90 SHORT>=95
[2026-07-18 21:10:58] 🔍 Scanner is running...
[2026-07-18 21:10:58] 🔎 正在掃描：BTC-USDT
[2026-07-18 21:11:00] 🧠 BTC-USDT LONG AI Score: 40
[2026-07-18 21:11:00] 🧠 BTC-USDT SHORT AI Score: 60
[2026-07-18 21:11:00] ❌ LONG AI Score 40 < 90，禁止做多
[2026-07-18 21:11:00] ❌ SHORT AI Score 60 < 95，禁止做空
[2026-07-18 21:11:00] ⛔ BTC-USDT LONG / SHORT Signal rejected
[2026-07-18 21:11:00] 🔎 正在掃描：ETH-USDT
[2026-07-18 21:11:03] 🧠 ETH-USDT LONG AI Score: 60
[2026-07-18 21:11:03] 🧠 ETH-USDT SHORT AI Score: 20
[2026-07-18 21:11:03] ❌ LONG AI Score 60 < 90，禁止做多
[2026-07-18 21:11:03] ❌ SHORT AI Score 20 < 95，禁止做空
[2026-07-18 21:11:03] ⛔ ETH-USDT LONG / SHORT Signal rejected
[2026-07-18 21:11:03] 🔎 正在掃描：SOL-USDT
[2026-07-18 21:11:05] 🧠 SOL-USDT LONG AI Score: 60
[2026-07-18 21:11:05] 🧠 SOL-USDT SHORT AI Score: 20
[2026-07-18 21:11:05] ❌ LONG AI Score 60 < 90，禁止做多
[2026-07-18 21:11:05] ❌ SHORT AI Score 20 < 95，禁止做空
[2026-07-18 21:11:05] ⛔ SOL-USDT LONG / SHORT Signal rejected
[2026-07-18 21:11:05] 🔎 正在掃描：BNB-USDT
[2026-07-18 21:11:07] 🧠 BNB-USDT LONG AI Score: 60
[2026-07-18 21:11:07] 🧠 BNB-USDT SHORT AI Score: 20
[2026-07-18 21:11:07] ❌ LONG AI Score 60 < 90，禁止做多
[2026-07-18 21:11:07] ❌ SHORT AI Score 20 < 95，禁止做空
[2026-07-18 21:11:07] ⛔ BNB-USDT LONG / SHORT Signal rejected
[2026-07-18 21:11:07] 🔎 正在掃描：XRP-USDT
[2026-07-18 21:11:10] 🧠 XRP-USDT LONG AI Score: 60
[2026-07-18 21:11:10] 🧠 XRP-USDT SHORT AI Score: 20
[2026-07-18 21:11:10] ❌ LONG AI Score 60 < 90，禁止做多
[2026-07-18 21:11:10] ❌ SHORT AI Score 20 < 95，禁止做空
[2026-07-18 21:11:10] ⛔ XRP-USDT LONG / SHORT Signal rejected
[2026-07-18 21:11:10] 🔎 正在掃描：DOGE-USDT
[2026-07-18 21:11:12] 🧠 DOGE-USDT LONG AI Score: 60
[2026-07-18 21:11:12] 🧠 DOGE-USDT SHORT AI Score: 80
[2026-07-18 21:11:12] ❌ LONG AI Score 60 < 90，禁止做多
[2026-07-18 21:11:12] ❌ SHORT AI Score 80 < 95，禁止做空
[2026-07-18 21:11:12] ⛔ DOGE-USDT LONG / SHORT Signal rejected
[2026-07-18 21:11:12] 🔎 正在掃描：SUI-USDT
[2026-07-18 21:11:14] 🧠 SUI-USDT LONG AI Score: 60
[2026-07-18 21:11:14] 🧠 SUI-USDT SHORT AI Score: 20
[2026-07-18 21:11:14] ❌ LONG AI Score 60 < 90，禁止做多
[2026-07-18 21:11:14] ❌ SHORT AI Score 20 < 95，禁止做空
[2026-07-18 21:11:14] ⛔ SUI-USDT LONG / SHORT Signal rejected
[2026-07-18 21:11:14] 🔎 正在掃描：LINK-USDT
[2026-07-18 21:11:17] 🧠 LINK-USDT LONG AI Score: 60
[2026-07-18 21:11:17] 🧠 LINK-USDT SHORT AI Score: 20
[2026-07-18 21:11:17] ❌ LONG AI Score 60 < 90，禁止做多
[2026-07-18 21:11:17] ❌ SHORT AI Score 20 < 95，禁止做空
[2026-07-18 21:11:17] ⛔ LINK-USDT LONG / SHORT Signal rejected
[2026-07-18 21:11:17] 🔎 正在掃描：AVAX-USDT
[2026-07-18 21:11:19] 🧠 AVAX-USDT LONG AI Score: 60
[2026-07-18 21:11:19] 🧠 AVAX-USDT SHORT AI Score: 20
[2026-07-18 21:11:19] ❌ LONG AI Score 60 < 90，禁止做多
[2026-07-18 21:11:19] ❌ SHORT AI Score 20 < 95，禁止做空
[2026-07-18 21:11:19] ⛔ AVAX-USDT LONG / SHORT Signal rejected
[2026-07-18 21:11:19] 🔎 正在掃描：APT-USDT
[2026-07-18 21:11:21] 🧠 APT-USDT LONG AI Score: 60
[2026-07-18 21:11:21] 🧠 APT-USDT SHORT AI Score: 20
[2026-07-18 21:11:21] ❌ LONG AI Score 60 < 90，禁止做多
[2026-07-18 21:11:21] ❌ SHORT AI Score 20 < 95，禁止做空
[2026-07-18 21:11:21] ⛔ APT-USDT LONG / SHORT Signal rejected
[2026-07-18 21:11:21] 🔎 正在掃描：ARB-USDT
[2026-07-18 21:11:24] 🧠 ARB-USDT LONG AI Score: 60
[2026-07-18 21:11:24] 🧠 ARB-USDT SHORT AI Score: 20
[2026-07-18 21:11:24] ❌ LONG AI Score 60 < 90，禁止做多
[2026-07-18 21:11:24] ❌ SHORT AI Score 20 < 95，禁止做空
[2026-07-18 21:11:24] ⛔ ARB-USDT LONG / SHORT Signal rejected
[2026-07-18 21:11:24] 🔎 正在掃描：OP-USDT
[2026-07-18 21:11:26] 🧠 OP-USDT LONG AI Score: 60
[2026-07-18 21:11:26] 🧠 OP-USDT SHORT AI Score: 20
[2026-07-18 21:11:26] ❌ LONG AI Score 60 < 90，禁止做多
[2026-07-18 21:11:26] ❌ SHORT AI Score 20 < 95，禁止做空
[2026-07-18 21:11:26] ⛔ OP-USDT LONG / SHORT Signal rejected
[2026-07-18 21:11:26] 🔎 正在掃描：INJ-USDT
[2026-07-18 21:11:28] 🧠 INJ-USDT LONG AI Score: 40
[2026-07-18 21:11:28] 🧠 INJ-USDT SHORT AI Score: 60
[2026-07-18 21:11:28] ❌ LONG AI Score 40 < 90，禁止做多
[2026-07-18 21:11:28] ❌ SHORT AI Score 60 < 95，禁止做空
[2026-07-18 21:11:28] ⛔ INJ-USDT LONG / SHORT Signal rejected
[2026-07-18 21:11:28] 🔎 正在掃描：SEI-USDT
[2026-07-18 21:11:30] 🧠 SEI-USDT LONG AI Score: 40
[2026-07-18 21:11:30] 🧠 SEI-USDT SHORT AI Score: 60
[2026-07-18 21:11:30] ❌ LONG AI Score 40 < 90，禁止做多
[2026-07-18 21:11:30] ❌ SHORT AI Score 60 < 95，禁止做空
[2026-07-18 21:11:30] ⛔ SEI-USDT LONG / SHORT Signal rejected
[2026-07-18 21:11:30] 🔎 正在掃描：FET-USDT
[2026-07-18 21:11:33] 🧠 FET-USDT LONG AI Score: 40
[2026-07-18 21:11:33] 🧠 FET-USDT SHORT AI Score: 60
[2026-07-18 21:11:33] ❌ LONG AI Score 40 < 90，禁止做多
[2026-07-18 21:11:33] ❌ SHORT AI Score 60 < 95，禁止做空
[2026-07-18 21:11:33] ⛔ FET-USDT LONG / SHORT Signal rejected
[2026-07-18 21:11:33] 🔎 正在掃描：RENDER-USDT
[2026-07-18 21:11:35] 🧠 RENDER-USDT LONG AI Score: 60
[2026-07-18 21:11:35] 🧠 RENDER-USDT SHORT AI Score: 20
[2026-07-18 21:11:35] ❌ LONG AI Score 60 < 90，禁止做多
[2026-07-18 21:11:35] ❌ SHORT AI Score 20 < 95，禁止做空
[2026-07-18 21:11:35] ⛔ RENDER-USDT LONG / SHORT Signal rejected
[2026-07-18 21:11:35] 🔎 正在掃描：TIA-USDT
[2026-07-18 21:11:37] 🧠 TIA-USDT LONG AI Score: 40
[2026-07-18 21:11:37] 🧠 TIA-USDT SHORT AI Score: 60
[2026-07-18 21:11:37] ❌ LONG AI Score 40 < 90，禁止做多
[2026-07-18 21:11:37] ❌ SHORT AI Score 60 < 95，禁止做空
[2026-07-18 21:11:37] ⛔ TIA-USDT LONG / SHORT Signal rejected
[2026-07-18 21:11:37] 🔎 正在掃描：TON-USDT
[2026-07-18 21:11:38] ❌ TON-USDT 掃描失敗：K線資料為空
[2026-07-18 21:11:38] 🔎 正在掃描：NEAR-USDT
[2026-07-18 21:11:40] 🧠 NEAR-USDT LONG AI Score: 60
[2026-07-18 21:11:40] 🧠 NEAR-USDT SHORT AI Score: 20
[2026-07-18 21:11:40] ❌ LONG AI Score 60 < 90，禁止做多
[2026-07-18 21:11:40] ❌ SHORT AI Score 20 < 95，禁止做空
[2026-07-18 21:11:40] ⛔ NEAR-USDT LONG / SHORT Signal rejected
[2026-07-18 21:11:40] 🔎 正在掃描：FIL-USDT
[2026-07-18 21:11:42] 🧠 FIL-USDT LONG AI Score: 60
[2026-07-18 21:11:42] 🧠 FIL-USDT SHORT AI Score: 20
[2026-07-18 21:11:42] ❌ LONG AI Score 60 < 90，禁止做多
[2026-07-18 21:11:42] ❌ SHORT AI Score 20 < 95，禁止做空
[2026-07-18 21:11:42] ⛔ FIL-USDT LONG / SHORT Signal rejected
[2026-07-18 21:11:42] 🔎 正在掃描：ENA-USDT
[2026-07-18 21:11:44] 🧠 ENA-USDT LONG AI Score: 60
[2026-07-18 21:11:44] 🧠 ENA-USDT SHORT AI Score: 20
[2026-07-18 21:11:44] ❌ LONG AI Score 60 < 90，禁止做多
[2026-07-18 21:11:44] ❌ SHORT AI Score 20 < 95，禁止做空
[2026-07-18 21:11:44] ⛔ ENA-USDT LONG / SHORT Signal rejected
[2026-07-18 21:11:44] 🔎 正在掃描：JUP-USDT
[2026-07-18 21:11:47] 🧠 JUP-USDT LONG AI Score: 40
[2026-07-18 21:11:47] 🧠 JUP-USDT SHORT AI Score: 60
[2026-07-18 21:11:47] ❌ LONG AI Score 40 < 90，禁止做多
[2026-07-18 21:11:47] ❌ SHORT AI Score 60 < 95，禁止做空
[2026-07-18 21:11:47] ⛔ JUP-USDT LONG / SHORT Signal rejected
[2026-07-18 21:11:47] 🔎 正在掃描：WIF-USDT
[2026-07-18 21:11:49] 🧠 WIF-USDT LONG AI Score: 40
[2026-07-18 21:11:49] 🧠 WIF-USDT SHORT AI Score: 60
[2026-07-18 21:11:49] ❌ LONG AI Score 40 < 90，禁止做多
[2026-07-18 21:11:49] ❌ SHORT AI Score 60 < 95，禁止做空
[2026-07-18 21:11:49] ⛔ WIF-USDT LONG / SHORT Signal rejected
[2026-07-18 21:11:49] 🔎 正在掃描：PEPE-USDT
[2026-07-18 21:11:49] ❌ PEPE-USDT 掃描失敗：K線資料為空
[2026-07-18 21:11:49] ⏳ 本輪完成，等待 300 秒後進入下一輪
[2026-07-18 21:16:49] 📊 開始管理現有持倉
[2026-07-18 21:16:49] 🔍 開始掃描新訊號
[2026-07-18 21:16:50] 🌎 Regime=RANGE LONG>=90 SHORT>=95
[2026-07-18 21:16:50] 🔍 Scanner is running...
[2026-07-18 21:16:50] 🔎 正在掃描：BTC-USDT
[2026-07-18 21:16:52] 🧠 BTC-USDT LONG AI Score: 40
[2026-07-18 21:16:52] 🧠 BTC-USDT SHORT AI Score: 60
[2026-07-18 21:16:52] ❌ LONG AI Score 40 < 90，禁止做多
[2026-07-18 21:16:52] ❌ SHORT AI Score 60 < 95，禁止做空
[2026-07-18 21:16:52] ⛔ BTC-USDT LONG / SHORT Signal rejected
[2026-07-18 21:16:52] 🔎 正在掃描：ETH-USDT
[2026-07-18 21:16:54] 🧠 ETH-USDT LONG AI Score: 60
[2026-07-18 21:16:54] 🧠 ETH-USDT SHORT AI Score: 20
[2026-07-18 21:16:54] ❌ LONG AI Score 60 < 90，禁止做多
[2026-07-18 21:16:54] ❌ SHORT AI Score 20 < 95，禁止做空
[2026-07-18 21:16:54] ⛔ ETH-USDT LONG / SHORT Signal rejected
[2026-07-18 21:16:54] 🔎 正在掃描：SOL-USDT
[2026-07-18 21:16:57] 🧠 SOL-USDT LONG AI Score: 40
[2026-07-18 21:16:57] 🧠 SOL-USDT SHORT AI Score: 60
[2026-07-18 21:16:57] ❌ LONG AI Score 40 < 90，禁止做多
[2026-07-18 21:16:57] ❌ SHORT AI Score 60 < 95，禁止做空
[2026-07-18 21:16:57] ⛔ SOL-USDT LONG / SHORT Signal rejected
[2026-07-18 21:16:57] 🔎 正在掃描：BNB-USDT
[2026-07-18 21:16:59] 🧠 BNB-USDT LONG AI Score: 60
[2026-07-18 21:16:59] 🧠 BNB-USDT SHORT AI Score: 20
[2026-07-18 21:16:59] ❌ LONG AI Score 60 < 90，禁止做多
[2026-07-18 21:16:59] ❌ SHORT AI Score 20 < 95，禁止做空
[2026-07-18 21:16:59] ⛔ BNB-USDT LONG / SHORT Signal rejected
[2026-07-18 21:16:59] 🔎 正在掃描：XRP-USDT
[2026-07-18 21:17:01] 🧠 XRP-USDT LONG AI Score: 40
[2026-07-18 21:17:01] 🧠 XRP-USDT SHORT AI Score: 60
[2026-07-18 21:17:01] ❌ LONG AI Score 40 < 90，禁止做多
[2026-07-18 21:17:01] ❌ SHORT AI Score 60 < 95，禁止做空
[2026-07-18 21:17:01] ⛔ XRP-USDT LONG / SHORT Signal rejected
[2026-07-18 21:17:01] 🔎 正在掃描：DOGE-USDT
[2026-07-18 21:17:03] 🧠 DOGE-USDT LONG AI Score: 60
[2026-07-18 21:17:03] 🧠 DOGE-USDT SHORT AI Score: 80
[2026-07-18 21:17:03] ❌ LONG AI Score 60 < 90，禁止做多
[2026-07-18 21:17:03] ❌ SHORT AI Score 80 < 95，禁止做空
[2026-07-18 21:17:03] ⛔ DOGE-USDT LONG / SHORT Signal rejected
[2026-07-18 21:17:03] 🔎 正在掃描：SUI-USDT
[2026-07-18 21:17:06] 🧠 SUI-USDT LONG AI Score: 40
[2026-07-18 21:17:06] 🧠 SUI-USDT SHORT AI Score: 60
[2026-07-18 21:17:06] ❌ LONG AI Score 40 < 90，禁止做多
[2026-07-18 21:17:06] ❌ SHORT AI Score 60 < 95，禁止做空
[2026-07-18 21:17:06] ⛔ SUI-USDT LONG / SHORT Signal rejected
[2026-07-18 21:17:06] 🔎 正在掃描：LINK-USDT
[2026-07-18 21:17:08] 🧠 LINK-USDT LONG AI Score: 60
[2026-07-18 21:17:08] 🧠 LINK-USDT SHORT AI Score: 20
[2026-07-18 21:17:08] ❌ LONG AI Score 60 < 90，禁止做多
[2026-07-18 21:17:08] ❌ SHORT AI Score 20 < 95，禁止做空
[2026-07-18 21:17:08] ⛔ LINK-USDT LONG / SHORT Signal rejected
[2026-07-18 21:17:08] 🔎 正在掃描：AVAX-USDT
[2026-07-18 21:17:10] 🧠 AVAX-USDT LONG AI Score: 40
[2026-07-18 21:17:10] 🧠 AVAX-USDT SHORT AI Score: 60
[2026-07-18 21:17:10] ❌ LONG AI Score 40 < 90，禁止做多
[2026-07-18 21:17:10] ❌ SHORT AI Score 60 < 95，禁止做空
[2026-07-18 21:17:10] ⛔ AVAX-USDT LONG / SHORT Signal rejected
[2026-07-18 21:17:10] 🔎 正在掃描：APT-USDT
[2026-07-18 21:17:12] 🧠 APT-USDT LONG AI Score: 40
[2026-07-18 21:17:12] 🧠 APT-USDT SHORT AI Score: 60
[2026-07-18 21:17:12] ❌ LONG AI Score 40 < 90，禁止做多
[2026-07-18 21:17:12] ❌ SHORT AI Score 60 < 95，禁止做空
[2026-07-18 21:17:12] ⛔ APT-USDT LONG / SHORT Signal rejected
[2026-07-18 21:17:12] 🔎 正在掃描：ARB-USDT
[2026-07-18 21:17:15] 🧠 ARB-USDT LONG AI Score: 40
[2026-07-18 21:17:15] 🧠 ARB-USDT SHORT AI Score: 60
[2026-07-18 21:17:15] ❌ LONG AI Score 40 < 90，禁止做多
[2026-07-18 21:17:15] ❌ SHORT AI Score 60 < 95，禁止做空
[2026-07-18 21:17:15] ⛔ ARB-USDT LONG / SHORT Signal rejected
[2026-07-18 21:17:15] 🔎 正在掃描：OP-USDT
[2026-07-18 21:17:17] 🧠 OP-USDT LONG AI Score: 60
[2026-07-18 21:17:17] 🧠 OP-USDT SHORT AI Score: 20
[2026-07-18 21:17:17] ❌ LONG AI Score 60 < 90，禁止做多
[2026-07-18 21:17:17] ❌ SHORT AI Score 20 < 95，禁止做空
[2026-07-18 21:17:17] ⛔ OP-USDT LONG / SHORT Signal rejected
[2026-07-18 21:17:17] 🔎 正在掃描：INJ-USDT
[2026-07-18 21:17:19] 🧠 INJ-USDT LONG AI Score: 40
[2026-07-18 21:17:19] 🧠 INJ-USDT SHORT AI Score: 60
[2026-07-18 21:17:19] ❌ LONG AI Score 40 < 90，禁止做多
[2026-07-18 21:17:19] ❌ SHORT AI Score 60 < 95，禁止做空
[2026-07-18 21:17:19] ⛔ INJ-USDT LONG / SHORT Signal rejected
[2026-07-18 21:17:19] 🔎 正在掃描：SEI-USDT
[2026-07-18 21:17:22] 🧠 SEI-USDT LONG AI Score: 40
[2026-07-18 21:17:22] 🧠 SEI-USDT SHORT AI Score: 60
[2026-07-18 21:17:22] ❌ LONG AI Score 40 < 90，禁止做多
[2026-07-18 21:17:22] ❌ SHORT AI Score 60 < 95，禁止做空
[2026-07-18 21:17:22] ⛔ SEI-USDT LONG / SHORT Signal rejected
[2026-07-18 21:17:22] 🔎 正在掃描：FET-USDT
[2026-07-18 21:17:24] 🧠 FET-USDT LONG AI Score: 40
[2026-07-18 21:17:24] 🧠 FET-USDT SHORT AI Score: 60
[2026-07-18 21:17:24] ❌ LONG AI Score 40 < 90，禁止做多
[2026-07-18 21:17:24] ❌ SHORT AI Score 60 < 95，禁止做空
[2026-07-18 21:17:24] ⛔ FET-USDT LONG / SHORT Signal rejected
[2026-07-18 21:17:24] 🔎 正在掃描：RENDER-USDT
[2026-07-18 21:17:26] 🧠 RENDER-USDT LONG AI Score: 40
[2026-07-18 21:17:26] 🧠 RENDER-USDT SHORT AI Score: 60
[2026-07-18 21:17:26] ❌ LONG AI Score 40 < 90，禁止做多
[2026-07-18 21:17:26] ❌ SHORT AI Score 60 < 95，禁止做空
[2026-07-18 21:17:26] ⛔ RENDER-USDT LONG / SHORT Signal rejected
[2026-07-18 21:17:26] 🔎 正在掃描：TIA-USDT
[2026-07-18 21:17:28] 🧠 TIA-USDT LONG AI Score: 40
[2026-07-18 21:17:28] 🧠 TIA-USDT SHORT AI Score: 60
[2026-07-18 21:17:28] ❌ LONG AI Score 40 < 90，禁止做多
[2026-07-18 21:17:28] ❌ SHORT AI Score 60 < 95，禁止做空
[2026-07-18 21:17:28] ⛔ TIA-USDT LONG / SHORT Signal rejected
[2026-07-18 21:17:28] 🔎 正在掃描：TON-USDT
[2026-07-18 21:17:29] ❌ TON-USDT 掃描失敗：K線資料為空
[2026-07-18 21:17:29] 🔎 正在掃描：NEAR-USDT
[2026-07-18 21:17:31] 🧠 NEAR-USDT LONG AI Score: 40
[2026-07-18 21:17:31] 🧠 NEAR-USDT SHORT AI Score: 60
[2026-07-18 21:17:31] ❌ LONG AI Score 40 < 90，禁止做多
[2026-07-18 21:17:31] ❌ SHORT AI Score 60 < 95，禁止做空
[2026-07-18 21:17:31] ⛔ NEAR-USDT LONG / SHORT Signal rejected
[2026-07-18 21:17:31] 🔎 正在掃描：FIL-USDT
[2026-07-18 21:17:33] 🧠 FIL-USDT LONG AI Score: 60
[2026-07-18 21:17:33] 🧠 FIL-USDT SHORT AI Score: 20
[2026-07-18 21:17:33] ❌ LONG AI Score 60 < 90，禁止做多
[2026-07-18 21:17:33] ❌ SHORT AI Score 20 < 95，禁止做空
[2026-07-18 21:17:33] ⛔ FIL-USDT LONG / SHORT Signal rejected
[2026-07-18 21:17:33] 🔎 正在掃描：ENA-USDT
[2026-07-18 21:17:36] 🧠 ENA-USDT LONG AI Score: 40
[2026-07-18 21:17:36] 🧠 ENA-USDT SHORT AI Score: 60
[2026-07-18 21:17:36] ❌ LONG AI Score 40 < 90，禁止做多
[2026-07-18 21:17:36] ❌ SHORT AI Score 60 < 95，禁止做空
[2026-07-18 21:17:36] ⛔ ENA-USDT LONG / SHORT Signal rejected
[2026-07-18 21:17:36] 🔎 正在掃描：JUP-USDT
[2026-07-18 21:17:38] 🧠 JUP-USDT LONG AI Score: 40
[2026-07-18 21:17:38] 🧠 JUP-USDT SHORT AI Score: 60
[2026-07-18 21:17:38] ❌ LONG AI Score 40 < 90，禁止做多
[2026-07-18 21:17:38] ❌ SHORT AI Score 60 < 95，禁止做空
[2026-07-18 21:17:38] ⛔ JUP-USDT LONG / SHORT Signal rejected
[2026-07-18 21:17:38] 🔎 正在掃描：WIF-USDT
[2026-07-18 21:17:40] 🧠 WIF-USDT LONG AI Score: 40
[2026-07-18 21:17:40] 🧠 WIF-USDT SHORT AI Score: 60
[2026-07-18 21:17:40] ❌ LONG AI Score 40 < 90，禁止做多
[2026-07-18 21:17:40] ❌ SHORT AI Score 60 < 95，禁止做空
[2026-07-18 21:17:40] ⛔ WIF-USDT LONG / SHORT Signal rejected
[2026-07-18 21:17:40] 🔎 正在掃描：PEPE-USDT
[2026-07-18 21:17:40] ❌ PEPE-USDT 掃描失敗：K線資料為空
[2026-07-18 21:17:40] ⏳ 本輪完成，等待 300 秒後進入下一輪
[2026-07-18 21:17:57] 🛑 使用者手動停止系統
[2026-07-18 21:18:11] 🚀 BingX AI Trading System started
[2026-07-18 21:18:11] 📊 開始管理現有持倉
[2026-07-18 21:18:12] 🔍 開始掃描新訊號
[2026-07-18 21:18:12] 🌎 Regime=RANGE LONG>=90 SHORT>=95
[2026-07-18 21:18:12] 🔍 Scanner is running...
[2026-07-18 21:18:12] 🔎 正在掃描：BTC-USDT
[2026-07-18 21:18:14] 🧠 BTC-USDT LONG AI Score: 40
[2026-07-18 21:18:14] 🧠 BTC-USDT SHORT AI Score: 60
[2026-07-18 21:18:14] ❌ LONG AI Score 40 < 90，禁止做多
[2026-07-18 21:18:14] ❌ SHORT AI Score 60 < 95，禁止做空
[2026-07-18 21:18:14] ⛔ BTC-USDT LONG / SHORT Signal rejected
[2026-07-18 21:18:14] 🔎 正在掃描：ETH-USDT
[2026-07-18 21:18:16] 🧠 ETH-USDT LONG AI Score: 60
[2026-07-18 21:18:16] 🧠 ETH-USDT SHORT AI Score: 20
[2026-07-18 21:18:16] ❌ LONG AI Score 60 < 90，禁止做多
[2026-07-18 21:18:16] ❌ SHORT AI Score 20 < 95，禁止做空
[2026-07-18 21:18:16] ⛔ ETH-USDT LONG / SHORT Signal rejected
[2026-07-18 21:18:16] 🔎 正在掃描：SOL-USDT
[2026-07-18 21:18:19] 🧠 SOL-USDT LONG AI Score: 40
[2026-07-18 21:18:19] 🧠 SOL-USDT SHORT AI Score: 60
[2026-07-18 21:18:19] ❌ LONG AI Score 40 < 90，禁止做多
[2026-07-18 21:18:19] ❌ SHORT AI Score 60 < 95，禁止做空
[2026-07-18 21:18:19] ⛔ SOL-USDT LONG / SHORT Signal rejected
[2026-07-18 21:18:19] 🔎 正在掃描：BNB-USDT
[2026-07-18 21:18:21] 🧠 BNB-USDT LONG AI Score: 60
[2026-07-18 21:18:21] 🧠 BNB-USDT SHORT AI Score: 20
[2026-07-18 21:18:21] ❌ LONG AI Score 60 < 90，禁止做多
[2026-07-18 21:18:21] ❌ SHORT AI Score 20 < 95，禁止做空
[2026-07-18 21:18:21] ⛔ BNB-USDT LONG / SHORT Signal rejected
[2026-07-18 21:18:21] 🔎 正在掃描：XRP-USDT
[2026-07-18 21:18:23] 🧠 XRP-USDT LONG AI Score: 40
[2026-07-18 21:18:23] 🧠 XRP-USDT SHORT AI Score: 60
[2026-07-18 21:18:23] ❌ LONG AI Score 40 < 90，禁止做多
[2026-07-18 21:18:23] ❌ SHORT AI Score 60 < 95，禁止做空
[2026-07-18 21:18:23] ⛔ XRP-USDT LONG / SHORT Signal rejected
[2026-07-18 21:18:23] 🔎 正在掃描：DOGE-USDT
[2026-07-18 21:18:25] 🧠 DOGE-USDT LONG AI Score: 60
[2026-07-18 21:18:25] 🧠 DOGE-USDT SHORT AI Score: 80
[2026-07-18 21:18:25] ❌ LONG AI Score 60 < 90，禁止做多
[2026-07-18 21:18:25] ❌ SHORT AI Score 80 < 95，禁止做空
[2026-07-18 21:18:25] ⛔ DOGE-USDT LONG / SHORT Signal rejected
[2026-07-18 21:18:25] 🔎 正在掃描：SUI-USDT
[2026-07-18 21:18:28] 🧠 SUI-USDT LONG AI Score: 40
[2026-07-18 21:18:28] 🧠 SUI-USDT SHORT AI Score: 60
[2026-07-18 21:18:28] ❌ LONG AI Score 40 < 90，禁止做多
[2026-07-18 21:18:28] ❌ SHORT AI Score 60 < 95，禁止做空
[2026-07-18 21:18:28] ⛔ SUI-USDT LONG / SHORT Signal rejected
[2026-07-18 21:18:28] 🔎 正在掃描：LINK-USDT
[2026-07-18 21:18:30] 🧠 LINK-USDT LONG AI Score: 60
[2026-07-18 21:18:30] 🧠 LINK-USDT SHORT AI Score: 20
[2026-07-18 21:18:30] ❌ LONG AI Score 60 < 90，禁止做多
[2026-07-18 21:18:30] ❌ SHORT AI Score 20 < 95，禁止做空
[2026-07-18 21:18:30] ⛔ LINK-USDT LONG / SHORT Signal rejected
[2026-07-18 21:18:30] 🔎 正在掃描：AVAX-USDT
[2026-07-18 21:18:32] 🧠 AVAX-USDT LONG AI Score: 40
[2026-07-18 21:18:32] 🧠 AVAX-USDT SHORT AI Score: 60
[2026-07-18 21:18:32] ❌ LONG AI Score 40 < 90，禁止做多
[2026-07-18 21:18:32] ❌ SHORT AI Score 60 < 95，禁止做空
[2026-07-18 21:18:32] ⛔ AVAX-USDT LONG / SHORT Signal rejected
[2026-07-18 21:18:32] 🔎 正在掃描：APT-USDT
[2026-07-18 21:18:34] 🧠 APT-USDT LONG AI Score: 40
[2026-07-18 21:18:34] 🧠 APT-USDT SHORT AI Score: 60
[2026-07-18 21:18:34] ❌ LONG AI Score 40 < 90，禁止做多
[2026-07-18 21:18:34] ❌ SHORT AI Score 60 < 95，禁止做空
[2026-07-18 21:18:34] ⛔ APT-USDT LONG / SHORT Signal rejected
[2026-07-18 21:18:34] 🔎 正在掃描：ARB-USDT
[2026-07-18 21:18:36] 🧠 ARB-USDT LONG AI Score: 40
[2026-07-18 21:18:36] 🧠 ARB-USDT SHORT AI Score: 60
[2026-07-18 21:18:36] ❌ LONG AI Score 40 < 90，禁止做多
[2026-07-18 21:18:36] ❌ SHORT AI Score 60 < 95，禁止做空
[2026-07-18 21:18:36] ⛔ ARB-USDT LONG / SHORT Signal rejected
[2026-07-18 21:18:36] 🔎 正在掃描：OP-USDT
[2026-07-18 21:18:39] 🧠 OP-USDT LONG AI Score: 60
[2026-07-18 21:18:39] 🧠 OP-USDT SHORT AI Score: 20
[2026-07-18 21:18:39] ❌ LONG AI Score 60 < 90，禁止做多
[2026-07-18 21:18:39] ❌ SHORT AI Score 20 < 95，禁止做空
[2026-07-18 21:18:39] ⛔ OP-USDT LONG / SHORT Signal rejected
[2026-07-18 21:18:39] 🔎 正在掃描：INJ-USDT
[2026-07-18 21:18:41] 🧠 INJ-USDT LONG AI Score: 40
[2026-07-18 21:18:41] 🧠 INJ-USDT SHORT AI Score: 60
[2026-07-18 21:18:41] ❌ LONG AI Score 40 < 90，禁止做多
[2026-07-18 21:18:41] ❌ SHORT AI Score 60 < 95，禁止做空
[2026-07-18 21:18:41] ⛔ INJ-USDT LONG / SHORT Signal rejected
[2026-07-18 21:18:41] 🔎 正在掃描：SEI-USDT
[2026-07-18 21:18:43] 🧠 SEI-USDT LONG AI Score: 40
[2026-07-18 21:18:43] 🧠 SEI-USDT SHORT AI Score: 60
[2026-07-18 21:18:43] ❌ LONG AI Score 40 < 90，禁止做多
[2026-07-18 21:18:43] ❌ SHORT AI Score 60 < 95，禁止做空
[2026-07-18 21:18:43] ⛔ SEI-USDT LONG / SHORT Signal rejected
[2026-07-18 21:18:43] 🔎 正在掃描：FET-USDT
[2026-07-18 21:18:45] 🧠 FET-USDT LONG AI Score: 40
[2026-07-18 21:18:45] 🧠 FET-USDT SHORT AI Score: 60
[2026-07-18 21:18:45] ❌ LONG AI Score 40 < 90，禁止做多
[2026-07-18 21:18:45] ❌ SHORT AI Score 60 < 95，禁止做空
[2026-07-18 21:18:45] ⛔ FET-USDT LONG / SHORT Signal rejected
[2026-07-18 21:18:45] 🔎 正在掃描：RENDER-USDT
[2026-07-18 21:18:47] 🧠 RENDER-USDT LONG AI Score: 40
[2026-07-18 21:18:47] 🧠 RENDER-USDT SHORT AI Score: 60
[2026-07-18 21:18:47] ❌ LONG AI Score 40 < 90，禁止做多
[2026-07-18 21:18:47] ❌ SHORT AI Score 60 < 95，禁止做空
[2026-07-18 21:18:47] ⛔ RENDER-USDT LONG / SHORT Signal rejected
[2026-07-18 21:18:47] 🔎 正在掃描：TIA-USDT
[2026-07-18 21:18:50] 🧠 TIA-USDT LONG AI Score: 40
[2026-07-18 21:18:50] 🧠 TIA-USDT SHORT AI Score: 60
[2026-07-18 21:18:50] ❌ LONG AI Score 40 < 90，禁止做多
[2026-07-18 21:18:50] ❌ SHORT AI Score 60 < 95，禁止做空
[2026-07-18 21:18:50] ⛔ TIA-USDT LONG / SHORT Signal rejected
[2026-07-18 21:18:50] 🔎 正在掃描：TON-USDT
[2026-07-18 21:18:50] ❌ TON-USDT 掃描失敗：K線資料為空
[2026-07-18 21:18:50] 🔎 正在掃描：NEAR-USDT
[2026-07-18 21:18:52] 🧠 NEAR-USDT LONG AI Score: 40
[2026-07-18 21:18:52] 🧠 NEAR-USDT SHORT AI Score: 60
[2026-07-18 21:18:52] ❌ LONG AI Score 40 < 90，禁止做多
[2026-07-18 21:18:52] ❌ SHORT AI Score 60 < 95，禁止做空
[2026-07-18 21:18:52] ⛔ NEAR-USDT LONG / SHORT Signal rejected
[2026-07-18 21:18:52] 🔎 正在掃描：FIL-USDT
[2026-07-18 21:18:54] 🧠 FIL-USDT LONG AI Score: 60
[2026-07-18 21:18:54] 🧠 FIL-USDT SHORT AI Score: 20
[2026-07-18 21:18:54] ❌ LONG AI Score 60 < 90，禁止做多
[2026-07-18 21:18:54] ❌ SHORT AI Score 20 < 95，禁止做空
[2026-07-18 21:18:54] ⛔ FIL-USDT LONG / SHORT Signal rejected
[2026-07-18 21:18:54] 🔎 正在掃描：ENA-USDT
[2026-07-18 21:18:57] 🧠 ENA-USDT LONG AI Score: 40
[2026-07-18 21:18:57] 🧠 ENA-USDT SHORT AI Score: 60
[2026-07-18 21:18:57] ❌ LONG AI Score 40 < 90，禁止做多
[2026-07-18 21:18:57] ❌ SHORT AI Score 60 < 95，禁止做空
[2026-07-18 21:18:57] ⛔ ENA-USDT LONG / SHORT Signal rejected
[2026-07-18 21:18:57] 🔎 正在掃描：JUP-USDT
[2026-07-18 21:18:59] 🧠 JUP-USDT LONG AI Score: 40
[2026-07-18 21:18:59] 🧠 JUP-USDT SHORT AI Score: 60
[2026-07-18 21:18:59] ❌ LONG AI Score 40 < 90，禁止做多
[2026-07-18 21:18:59] ❌ SHORT AI Score 60 < 95，禁止做空
[2026-07-18 21:18:59] ⛔ JUP-USDT LONG / SHORT Signal rejected
[2026-07-18 21:18:59] 🔎 正在掃描：WIF-USDT
[2026-07-18 21:19:01] 🧠 WIF-USDT LONG AI Score: 40
[2026-07-18 21:19:01] 🧠 WIF-USDT SHORT AI Score: 60
[2026-07-18 21:19:01] ❌ LONG AI Score 40 < 90，禁止做多
[2026-07-18 21:19:01] ❌ SHORT AI Score 60 < 95，禁止做空
[2026-07-18 21:19:01] ⛔ WIF-USDT LONG / SHORT Signal rejected
[2026-07-18 21:19:01] 🔎 正在掃描：PEPE-USDT
[2026-07-18 21:19:02] ❌ PEPE-USDT 掃描失敗：K線資料為空
[2026-07-18 21:19:02] ⏳ 本輪完成，等待 300 秒後進入下一輪
[2026-07-18 21:19:33] 🛑 使用者手動停止系統
